#-----------------------------------------------------------
# Vivado v2018.2 (64-bit)
# SW Build 2258646 on Thu Jun 14 20:03:12 MDT 2018
# IP Build 2256618 on Thu Jun 14 22:10:49 MDT 2018
# Start of session at: Wed May 12 16:52:22 2021
# Process ID: 14788
# Current directory: G:/ZLab2021/ZLab2021/lab14OLED
# Command line: vivado.exe -gui_launcher_event rodinguilauncherevent14564 G:\ZLab2021\ZLab2021\lab14OLED\SPIRxTx.xpr
# Log file: G:/ZLab2021/ZLab2021/lab14OLED/vivado.log
# Journal file: G:/ZLab2021/ZLab2021/lab14OLED\vivado.jou
#-----------------------------------------------------------
start_gui
open_project G:/ZLab2021/ZLab2021/lab14OLED/SPIRxTx.xpr
update_compile_order -fileset sources_1
open_bd_design {G:/ZLab2021/ZLab2021/lab14OLED/SPIRxTx.srcs/sources_1/bd/system/system.bd}
launch_sdk -workspace G:/ZLab2021/ZLab2021/lab14OLED/SPIRxTx.sdk -hwspec G:/ZLab2021/ZLab2021/lab14OLED/SPIRxTx.sdk/system_wrapper.hdf
open_hw
connect_hw_server
open_hw_target
set_property PROGRAM.FILE {G:/ZLab2021/ZLab2021/lab14OLED/SPIRxTx.runs/impl_1/system_wrapper.bit} [get_hw_devices xc7z020_1]
current_hw_device [get_hw_devices xc7z020_1]
refresh_hw_device -update_hw_probes false [lindex [get_hw_devices xc7z020_1] 0]
set_property PROBES.FILE {} [get_hw_devices xc7z020_1]
set_property FULL_PROBES.FILE {} [get_hw_devices xc7z020_1]
set_property PROGRAM.FILE {G:/ZLab2021/ZLab2021/lab14OLED/SPIRxTx.runs/impl_1/system_wrapper.bit} [get_hw_devices xc7z020_1]
program_hw_devices [get_hw_devices xc7z020_1]
refresh_hw_device [lindex [get_hw_devices xc7z020_1] 0]
disconnect_hw_server localhost:3121
connect_hw_server
open_hw_target
set_property PROGRAM.FILE {G:/ZLab2021/ZLab2021/lab14OLED/SPIRxTx.runs/impl_1/system_wrapper.bit} [get_hw_devices xc7z020_1]
current_hw_device [get_hw_devices xc7z020_1]
refresh_hw_device -update_hw_probes false [lindex [get_hw_devices xc7z020_1] 0]
set_property PROBES.FILE {} [get_hw_devices xc7z020_1]
set_property FULL_PROBES.FILE {} [get_hw_devices xc7z020_1]
set_property PROGRAM.FILE {G:/ZLab2021/ZLab2021/lab14OLED/SPIRxTx.runs/impl_1/system_wrapper.bit} [get_hw_devices xc7z020_1]
program_hw_devices [get_hw_devices xc7z020_1]
refresh_hw_device [lindex [get_hw_devices xc7z020_1] 0]
open_bd_design {G:/ZLab2021/ZLab2021/lab14OLED/SPIRxTx.srcs/sources_1/bd/system/system.bd}
set_property PROBES.FILE {} [get_hw_devices xc7z020_1]
set_property FULL_PROBES.FILE {} [get_hw_devices xc7z020_1]
set_property PROGRAM.FILE {G:/ZLab2021/ZLab2021/lab14OLED/SPIRxTx.runs/impl_1/system_wrapper.bit} [get_hw_devices xc7z020_1]
program_hw_devices [get_hw_devices xc7z020_1]
refresh_hw_device [lindex [get_hw_devices xc7z020_1] 0]
set_property PROBES.FILE {} [get_hw_devices xc7z020_1]
set_property FULL_PROBES.FILE {} [get_hw_devices xc7z020_1]
set_property PROGRAM.FILE {G:/ZLab2021/ZLab2021/lab14OLED/SPIRxTx.runs/impl_1/system_wrapper.bit} [get_hw_devices xc7z020_1]
program_hw_devices [get_hw_devices xc7z020_1]
refresh_hw_device [lindex [get_hw_devices xc7z020_1] 0]
set_property PROBES.FILE {} [get_hw_devices xc7z020_1]
set_property FULL_PROBES.FILE {} [get_hw_devices xc7z020_1]
set_property PROGRAM.FILE {G:/ZLab2021/ZLab2021/lab14OLED/SPIRxTx.runs/impl_1/system_wrapper.bit} [get_hw_devices xc7z020_1]
program_hw_devices [get_hw_devices xc7z020_1]
refresh_hw_device [lindex [get_hw_devices xc7z020_1] 0]
set_property PROBES.FILE {} [get_hw_devices xc7z020_1]
set_property FULL_PROBES.FILE {} [get_hw_devices xc7z020_1]
set_property PROGRAM.FILE {G:/ZLab2021/ZLab2021/lab14OLED/SPIRxTx.runs/impl_1/system_wrapper.bit} [get_hw_devices xc7z020_1]
program_hw_devices [get_hw_devices xc7z020_1]
refresh_hw_device [lindex [get_hw_devices xc7z020_1] 0]
set_property PROBES.FILE {} [get_hw_devices xc7z020_1]
set_property FULL_PROBES.FILE {} [get_hw_devices xc7z020_1]
set_property PROGRAM.FILE {G:/ZLab2021/ZLab2021/lab14OLED/SPIRxTx.runs/impl_1/system_wrapper.bit} [get_hw_devices xc7z020_1]
program_hw_devices [get_hw_devices xc7z020_1]
refresh_hw_device [lindex [get_hw_devices xc7z020_1] 0]
set_property PROBES.FILE {} [get_hw_devices xc7z020_1]
set_property FULL_PROBES.FILE {} [get_hw_devices xc7z020_1]
set_property PROGRAM.FILE {G:/ZLab2021/ZLab2021/lab14OLED/SPIRxTx.runs/impl_1/system_wrapper.bit} [get_hw_devices xc7z020_1]
program_hw_devices [get_hw_devices xc7z020_1]
refresh_hw_device [lindex [get_hw_devices xc7z020_1] 0]
set_property PROBES.FILE {} [get_hw_devices xc7z020_1]
set_property FULL_PROBES.FILE {} [get_hw_devices xc7z020_1]
set_property PROGRAM.FILE {G:/ZLab2021/ZLab2021/lab14OLED/SPIRxTx.runs/impl_1/system_wrapper.bit} [get_hw_devices xc7z020_1]
program_hw_devices [get_hw_devices xc7z020_1]
refresh_hw_device [lindex [get_hw_devices xc7z020_1] 0]
set_property PROBES.FILE {} [get_hw_devices xc7z020_1]
set_property FULL_PROBES.FILE {} [get_hw_devices xc7z020_1]
set_property PROGRAM.FILE {G:/ZLab2021/ZLab2021/lab14OLED/SPIRxTx.runs/impl_1/system_wrapper.bit} [get_hw_devices xc7z020_1]
program_hw_devices [get_hw_devices xc7z020_1]
disconnect_hw_server localhost:3121
connect_hw_server
open_hw_target
set_property PROGRAM.FILE {G:/ZLab2021/ZLab2021/lab14OLED/SPIRxTx.runs/impl_1/system_wrapper.bit} [get_hw_devices xc7z020_1]
current_hw_device [get_hw_devices xc7z020_1]
refresh_hw_device -update_hw_probes false [lindex [get_hw_devices xc7z020_1] 0]
set_property PROBES.FILE {} [get_hw_devices xc7z020_1]
set_property FULL_PROBES.FILE {} [get_hw_devices xc7z020_1]
set_property PROGRAM.FILE {G:/ZLab2021/ZLab2021/lab14OLED/SPIRxTx.runs/impl_1/system_wrapper.bit} [get_hw_devices xc7z020_1]
program_hw_devices [get_hw_devices xc7z020_1]
refresh_hw_device [lindex [get_hw_devices xc7z020_1] 0]
set_property PROBES.FILE {} [get_hw_devices xc7z020_1]
set_property FULL_PROBES.FILE {} [get_hw_devices xc7z020_1]
set_property PROGRAM.FILE {G:/ZLab2021/ZLab2021/lab14OLED/SPIRxTx.runs/impl_1/system_wrapper.bit} [get_hw_devices xc7z020_1]
program_hw_devices [get_hw_devices xc7z020_1]
refresh_hw_device [lindex [get_hw_devices xc7z020_1] 0]
set_property PROBES.FILE {} [get_hw_devices xc7z020_1]
set_property FULL_PROBES.FILE {} [get_hw_devices xc7z020_1]
set_property PROGRAM.FILE {G:/ZLab2021/ZLab2021/lab14OLED/SPIRxTx.runs/impl_1/system_wrapper.bit} [get_hw_devices xc7z020_1]
program_hw_devices [get_hw_devices xc7z020_1]
refresh_hw_device [lindex [get_hw_devices xc7z020_1] 0]
disconnect_hw_server localhost:3121
connect_hw_server
open_hw_target
set_property PROBES.FILE {} [get_hw_devices xc7z020_1]
set_property FULL_PROBES.FILE {} [get_hw_devices xc7z020_1]
set_property PROGRAM.FILE {G:/ZLab2021/ZLab2021/lab14OLED/SPIRxTx.runs/impl_1/system_wrapper.bit} [get_hw_devices xc7z020_1]
program_hw_devices [get_hw_devices xc7z020_1]
refresh_hw_device [lindex [get_hw_devices xc7z020_1] 0]
set_property PROBES.FILE {} [get_hw_devices xc7z020_1]
set_property FULL_PROBES.FILE {} [get_hw_devices xc7z020_1]
set_property PROGRAM.FILE {G:/ZLab2021/ZLab2021/lab14OLED/SPIRxTx.runs/impl_1/system_wrapper.bit} [get_hw_devices xc7z020_1]
program_hw_devices [get_hw_devices xc7z020_1]
refresh_hw_device [lindex [get_hw_devices xc7z020_1] 0]
